Jan-15 01:56:36.470 [main] DEBUG nextflow.cli.Launcher - $> nextflow run main.nf --help
Jan-15 01:56:36.515 [main] DEBUG nextflow.cli.CmdRun - N E X T F L O W  ~  version 25.10.2
Jan-15 01:56:36.966 [main] DEBUG nextflow.plugin.PluginsFacade - Setting up plugin manager > mode=prod; embedded=false; plugins-dir=/Users/allen/.nextflow/plugins; core-plugins: nf-amazon@3.4.2,nf-azure@1.20.2,nf-cloudcache@0.5.0,nf-codecommit@0.5.0,nf-console@1.3.0,nf-google@1.23.3,nf-k8s@1.2.2,nf-tower@1.17.3,nf-wave@1.16.1
Jan-15 01:56:36.987 [main] INFO  o.pf4j.DefaultPluginStatusProvider - Enabled plugins: []
Jan-15 01:56:36.987 [main] INFO  o.pf4j.DefaultPluginStatusProvider - Disabled plugins: []
Jan-15 01:56:36.989 [main] INFO  org.pf4j.DefaultPluginManager - PF4J version 3.12.0 in 'deployment' mode
Jan-15 01:56:37.000 [main] DEBUG nextflow.util.RetryConfig - Missing nextflow session - using default retry config
Jan-15 01:56:37.114 [main] INFO  org.pf4j.AbstractPluginManager - No plugins
Jan-15 01:56:37.134 [main] DEBUG nextflow.config.ConfigBuilder - Found config local: /Users/allen/github/rujinlong/METABOLIC/nextflow_impl/nextflow.config
Jan-15 01:56:37.136 [main] DEBUG nextflow.config.ConfigBuilder - Parsing config file: /Users/allen/github/rujinlong/METABOLIC/nextflow_impl/nextflow.config
Jan-15 01:56:37.152 [main] DEBUG nextflow.config.ConfigBuilder - Applying config profile: `standard`
Jan-15 01:56:37.474 [main] DEBUG nextflow.plugin.PluginsFacade - Plugins default=[]
Jan-15 01:56:37.474 [main] DEBUG nextflow.plugin.PluginsFacade - Plugins resolved requirement=[]
Jan-15 01:56:37.485 [main] DEBUG n.secret.LocalSecretsProvider - Secrets store: /Users/allen/.nextflow/secrets/store.json
Jan-15 01:56:37.487 [main] DEBUG nextflow.secret.SecretsLoader - Discovered secrets providers: [nextflow.secret.LocalSecretsProvider@141d3d43] - activable => nextflow.secret.LocalSecretsProvider@141d3d43
Jan-15 01:56:37.488 [main] DEBUG nextflow.cli.CmdRun - Applied DSL=2 from script declaration
Jan-15 01:56:37.498 [main] DEBUG nextflow.cli.CmdRun - Launching `main.nf` [kickass_feynman] DSL2 - revision: 770a04ce8f
Jan-15 01:56:37.536 [main] DEBUG nextflow.Session - Session UUID: 41296ae1-aef3-425f-9169-f286307d8274
Jan-15 01:56:37.537 [main] DEBUG nextflow.Session - Run name: kickass_feynman
Jan-15 01:56:37.537 [main] DEBUG nextflow.Session - Executor pool size: 8
Jan-15 01:56:37.552 [main] DEBUG nextflow.file.FilePorter - File porter settings maxRetries=3; maxTransfers=50; pollTimeout=null
Jan-15 01:56:37.555 [main] DEBUG nextflow.util.ThreadPoolBuilder - Creating thread pool 'FileTransfer' minSize=10; maxSize=24; workQueue=LinkedBlockingQueue[-1]; allowCoreThreadTimeout=false
Jan-15 01:56:37.617 [main] DEBUG nextflow.cli.CmdRun - 
  Version: 25.10.2 build 10555
  Created: 28-11-2025 19:24 UTC (20:24 CEST)
  System: Mac OS X 26.2
  Runtime: Groovy 4.0.28 on Java HotSpot(TM) 64-Bit Server VM 17.0.1+12-LTS-39
  Encoding: UTF-8 (UTF-8)
  Process: 2741@M21.local [192.168.31.246]
  CPUs: 8 - Mem: 16 GB (223.5 MB) - Swap: 29 GB (970 MB)
Jan-15 01:56:37.634 [main] DEBUG nextflow.Session - Work-dir: /Users/allen/github/rujinlong/METABOLIC/nextflow_impl/work [Mac OS X]
Jan-15 01:56:37.643 [main] DEBUG nextflow.executor.ExecutorFactory - Extension executors providers=[]
Jan-15 01:56:37.648 [main] DEBUG nextflow.Session - Observer factory (v2): LinObserverFactory
Jan-15 01:56:37.650 [main] DEBUG nextflow.Session - Observer factory (v2): DefaultObserverFactory
Jan-15 01:56:37.671 [main] DEBUG nextflow.cache.CacheFactory - Using Nextflow cache factory: nextflow.cache.DefaultCacheFactory
Jan-15 01:56:37.677 [main] DEBUG nextflow.util.CustomThreadPool - Creating default thread pool > poolSize: 9; maxThreads: 1000
Jan-15 01:56:37.708 [main] DEBUG nextflow.Session - Session start
Jan-15 01:56:37.934 [main] DEBUG nextflow.script.ScriptRunner - > Launching execution
Jan-15 01:56:38.358 [main] INFO  nextflow.Nextflow - 
METABOLIC-Nextflow Pipeline
===========================
Usage:
  nextflow run main.nf --input_genomes <path> [options]

Required:
  --input_genomes     Path to directory containing genome FASTA files (*.fasta)

Options:
  --outdir            Output directory (default: results)
  --kofam_dir         Path to merged KOfam HMM database
  --metabolic_hmm_dir Path to METABOLIC custom HMM directory
  --help              Show this help message

Profiles:
  -profile standard   Run locally
  -profile docker     Run with Docker
  -profile singularity Run with Singularity

